2025-04-29 14:04:54,206 - config - INFO - Twitter scraper initialized
2025-04-29 14:04:54,206 - config - INFO - Scraping tweets for 17 queries
2025-04-29 14:04:54,207 - tweepy.api - WARNING - Unexpected parameter: since
2025-04-29 14:04:54,316 - config - ERROR - Error scraping tweets for query $SPY: 403 Forbidden
453 - You currently have access to a subset of X API V2 endpoints and limited v1.1 endpoints (e.g. media post, oauth) only. If you need access to this endpoint, you may need a different access level. You can learn more here: https://developer.x.com/en/portal/product
2025-04-29 14:04:54,316 - tweepy.api - WARNING - Unexpected parameter: since
2025-04-29 14:04:54,405 - config - ERROR - Error scraping tweets for query $QQQ: 403 Forbidden
453 - You currently have access to a subset of X API V2 endpoints and limited v1.1 endpoints (e.g. media post, oauth) only. If you need access to this endpoint, you may need a different access level. You can learn more here: https://developer.x.com/en/portal/product
2025-04-29 14:04:54,408 - tweepy.api - WARNING - Unexpected parameter: since
2025-04-29 14:04:54,505 - config - ERROR - Error scraping tweets for query $AAPL: 403 Forbidden
453 - You currently have access to a subset of X API V2 endpoints and limited v1.1 endpoints (e.g. media post, oauth) only. If you need access to this endpoint, you may need a different access level. You can learn more here: https://developer.x.com/en/portal/product
2025-04-29 14:04:54,506 - tweepy.api - WARNING - Unexpected parameter: since
2025-04-29 14:04:54,579 - config - ERROR - Error scraping tweets for query $MSFT: 403 Forbidden
453 - You currently have access to a subset of X API V2 endpoints and limited v1.1 endpoints (e.g. media post, oauth) only. If you need access to this endpoint, you may need a different access level. You can learn more here: https://developer.x.com/en/portal/product
2025-04-29 14:04:54,580 - tweepy.api - WARNING - Unexpected parameter: since
2025-04-29 14:04:54,653 - config - ERROR - Error scraping tweets for query $AMZN: 403 Forbidden
453 - You currently have access to a subset of X API V2 endpoints and limited v1.1 endpoints (e.g. media post, oauth) only. If you need access to this endpoint, you may need a different access level. You can learn more here: https://developer.x.com/en/portal/product
2025-04-29 14:04:54,653 - tweepy.api - WARNING - Unexpected parameter: since
2025-04-29 14:04:54,729 - config - ERROR - Error scraping tweets for query $NVDA: 403 Forbidden
453 - You currently have access to a subset of X API V2 endpoints and limited v1.1 endpoints (e.g. media post, oauth) only. If you need access to this endpoint, you may need a different access level. You can learn more here: https://developer.x.com/en/portal/product
2025-04-29 14:04:54,730 - tweepy.api - WARNING - Unexpected parameter: since
2025-04-29 14:04:54,806 - config - ERROR - Error scraping tweets for query $TSLA: 403 Forbidden
453 - You currently have access to a subset of X API V2 endpoints and limited v1.1 endpoints (e.g. media post, oauth) only. If you need access to this endpoint, you may need a different access level. You can learn more here: https://developer.x.com/en/portal/product
2025-04-29 14:04:54,806 - tweepy.api - WARNING - Unexpected parameter: since
2025-04-29 14:04:54,873 - config - ERROR - Error scraping tweets for query $META: 403 Forbidden
453 - You currently have access to a subset of X API V2 endpoints and limited v1.1 endpoints (e.g. media post, oauth) only. If you need access to this endpoint, you may need a different access level. You can learn more here: https://developer.x.com/en/portal/product
2025-04-29 14:04:54,875 - tweepy.api - WARNING - Unexpected parameter: since
2025-04-29 14:04:54,962 - config - ERROR - Error scraping tweets for query $GOOGL: 403 Forbidden
453 - You currently have access to a subset of X API V2 endpoints and limited v1.1 endpoints (e.g. media post, oauth) only. If you need access to this endpoint, you may need a different access level. You can learn more here: https://developer.x.com/en/portal/product
2025-04-29 14:04:54,963 - tweepy.api - WARNING - Unexpected parameter: since
2025-04-29 14:04:55,056 - config - ERROR - Error scraping tweets for query $BTC: 403 Forbidden
453 - You currently have access to a subset of X API V2 endpoints and limited v1.1 endpoints (e.g. media post, oauth) only. If you need access to this endpoint, you may need a different access level. You can learn more here: https://developer.x.com/en/portal/product
2025-04-29 14:04:55,056 - tweepy.api - WARNING - Unexpected parameter: since
2025-04-29 14:04:55,136 - config - ERROR - Error scraping tweets for query $ETH: 403 Forbidden
453 - You currently have access to a subset of X API V2 endpoints and limited v1.1 endpoints (e.g. media post, oauth) only. If you need access to this endpoint, you may need a different access level. You can learn more here: https://developer.x.com/en/portal/product
2025-04-29 14:04:55,136 - tweepy.api - WARNING - Unexpected parameter: since
2025-04-29 14:04:55,214 - config - ERROR - Error scraping tweets for query #stocks: 403 Forbidden
453 - You currently have access to a subset of X API V2 endpoints and limited v1.1 endpoints (e.g. media post, oauth) only. If you need access to this endpoint, you may need a different access level. You can learn more here: https://developer.x.com/en/portal/product
2025-04-29 14:04:55,214 - tweepy.api - WARNING - Unexpected parameter: since
2025-04-29 14:04:55,294 - config - ERROR - Error scraping tweets for query #investing: 403 Forbidden
453 - You currently have access to a subset of X API V2 endpoints and limited v1.1 endpoints (e.g. media post, oauth) only. If you need access to this endpoint, you may need a different access level. You can learn more here: https://developer.x.com/en/portal/product
2025-04-29 14:04:55,294 - tweepy.api - WARNING - Unexpected parameter: since
2025-04-29 14:04:55,382 - config - ERROR - Error scraping tweets for query #stockmarket: 403 Forbidden
453 - You currently have access to a subset of X API V2 endpoints and limited v1.1 endpoints (e.g. media post, oauth) only. If you need access to this endpoint, you may need a different access level. You can learn more here: https://developer.x.com/en/portal/product
2025-04-29 14:04:55,382 - tweepy.api - WARNING - Unexpected parameter: since
2025-04-29 14:04:55,466 - config - ERROR - Error scraping tweets for query #finance: 403 Forbidden
453 - You currently have access to a subset of X API V2 endpoints and limited v1.1 endpoints (e.g. media post, oauth) only. If you need access to this endpoint, you may need a different access level. You can learn more here: https://developer.x.com/en/portal/product
2025-04-29 14:04:55,467 - tweepy.api - WARNING - Unexpected parameter: since
2025-04-29 14:04:55,537 - config - ERROR - Error scraping tweets for query #WallStreetBets: 403 Forbidden
453 - You currently have access to a subset of X API V2 endpoints and limited v1.1 endpoints (e.g. media post, oauth) only. If you need access to this endpoint, you may need a different access level. You can learn more here: https://developer.x.com/en/portal/product
2025-04-29 14:04:55,538 - tweepy.api - WARNING - Unexpected parameter: since
2025-04-29 14:04:55,633 - config - ERROR - Error scraping tweets for query #crypto: 403 Forbidden
453 - You currently have access to a subset of X API V2 endpoints and limited v1.1 endpoints (e.g. media post, oauth) only. If you need access to this endpoint, you may need a different access level. You can learn more here: https://developer.x.com/en/portal/product
2025-04-29 14:04:55,637 - config - WARNING - No tweets were scraped
2025-04-29 14:04:55,637 - config - WARNING - No data to save
